com.miui.contentcatcher
com.android.printspooler
com.miui.audiomonitor
com.miui.voicetrigger
com.xiaomi.mircs
com.xiaomi.xmsfkeeper
com.xiaomi.ab
com.xiaomi.aiasst.service
com.xiaomi.joyose
com.xiaomi.mi_connect_service
com.xiaomi.micloud.sdk
com.xiaomi.migameservice
com.xiaomi.miplay_client
com.xiaomi.mircs
com.xiaomi.mirror
com.xiaomi.payment
com.xiaomi.powerchecker
com.xiaomi.simactivate.service
com.miui.videoplayer
com.xiaomi.xmsf
com.xiaomi.xmsfkeeper
com.milink.service
com.miui.analytics
com.miui.audioeffect
com.miui.audiomonitor
com.miui.bugreport
com.miui.cit
com.miui.cloudbackup
com.miui.cloudservice
com.miui.cloudservice.sysbase
com.miui.contentcatcher
com.miui.daemon
com.miui.hybrid
com.miui.hybrid.accessory
com.miui.maintenancemode
com.miui.micloudsync
com.miui.miservice
com.miui.mishare.connectivity
com.miui.misound
com.miui.nextpay
com.android.providers.downloads.ui
com.miui.personalassistant
com.miui.phrase
com.miui.smsextra
com.miui.msa.global
com.miui.systemAdSolution
com.miui.touchassistant
com.miui.translation.kingsoft
com.miui.translation.xmcloud
com.miui.translation.youdao
com.miui.translationservice
com.miui.voiceassist
com.miui.voicetrigger
com.miui.vsimcore
com.miui.wmsvc
com.mobiletools.systemhelper
com.android.bluetoothmidiservice
com.android.bookmarkprovider
com.android.browser
com.android.calendar
com.android.carrierdefaultapp
com.android.cellbroadcastservice
com.android.companiondevicemanager
com.android.dreams.basic
com.android.dreams.phototable
com.android.emergency
com.android.htmlviewer
com.android.ons
com.android.printspooler
com.android.providers.calendar
com.android.quicksearchbox
com.android.simappdialog
com.android.stk
com.google.android.calendar
com.android.traceur
com.android.wallpaper.livepicker
com.bsp.catchlog
com.google.android.configupdater
com.google.android.marvin.talkback
com.google.android.onetimeinitializer
com.google.android.printservice.recommendation
com.google.android.apps.googleassistant
